---
source: src/shell/nushell.rs
expression: replace_path(&deactivate)
snapshot_kind: text
---
hide-env MISE_SHELL --ignore-errors
hide-env __MISE_DIFF --ignore-errors
hide-env __MISE_DIFF --ignore-errors
