---
source: src/shell/nushell.rs
expression: "Nushell::default().unset_env(\"FOO BAR\")"
snapshot_kind: text
---
hide-env r#'FOO BAR'# --ignore-errors
