---
source: src/shell/nushell.rs
expression: "replace_path(&sh.prepend_env(\"PATH\", \"/some/dir\"))"
snapshot_kind: text
---
$env.PATH = ($env.PATH | split row (char esep) | prepend /some/dir)
