---
source: src/shell/nushell.rs
expression: "Nushell::default().set_env(\"FOO\", \"1 2\")"
snapshot_kind: text
---
$env | upsert FOO r#'1 2'#
